[0.020s][info][gc] Using The Z Garbage Collector
[0.174s][info][gc] GC(0) Garbage Collection (Warmup) 4M(17%)->2M(8%)
[5.180s][info][gc] GC(1) Garbage Collection (Warmup) 6M(25%)->6M(25%)
[5.293s][info][gc] GC(2) Garbage Collection (Warmup) 10M(42%)->8M(33%)
[17.383s][info][gc] GC(3) Garbage Collection (Proactive) 12M(50%)->6M(25%)
[23.279s][info][gc] GC(4) Garbage Collection (Proactive) 10M(42%)->8M(33%)
[26.480s][info][gc] GC(5) Garbage Collection (Proactive) 16M(67%)->18M(75%)
[26.497s][info][gc] Allocation Stall (main) 10.586ms
[26.499s][info][gc] GC(6) Garbage Collection (Allocation Stall) 24M(100%)->14M(58%)
[26.519s][info][gc] Allocation Stall (main) 9.343ms
[26.521s][info][gc] GC(7) Garbage Collection (Allocation Stall) 24M(100%)->16M(67%)
[26.576s][info][gc] GC(8) Garbage Collection (Allocation Rate) 18M(75%)->8M(33%)
[26.689s][info][gc] GC(9) Garbage Collection (Allocation Rate) 8M(33%)->8M(33%)
[26.776s][info][gc] GC(10) Garbage Collection (Allocation Rate) 8M(33%)->8M(33%)
[26.896s][info][gc] GC(11) Garbage Collection (Allocation Rate) 8M(33%)->8M(33%)
[26.993s][info][gc] GC(12) Garbage Collection (Allocation Rate) 8M(33%)->8M(33%)
[27.086s][info][gc] GC(13) Garbage Collection (Allocation Rate) 8M(33%)->8M(33%)
[27.200s][info][gc] GC(14) Garbage Collection (Allocation Rate) 8M(33%)->8M(33%)
[27.290s][info][gc] GC(15) Garbage Collection (Allocation Rate) 8M(33%)->8M(33%)
[27.375s][info][gc] GC(16) Garbage Collection (Allocation Rate) 10M(42%)->8M(33%)
[27.681s][info][gc] GC(17) Garbage Collection (Allocation Rate) 8M(33%)->8M(33%)
[27.778s][info][gc] GC(18) Garbage Collection (Allocation Rate) 8M(33%)->8M(33%)
[27.877s][info][gc] GC(19) Garbage Collection (Allocation Rate) 8M(33%)->8M(33%)
[27.979s][info][gc] GC(20) Garbage Collection (Allocation Rate) 8M(33%)->8M(33%)
[28.076s][info][gc] GC(21) Garbage Collection (Allocation Rate) 8M(33%)->8M(33%)
[28.179s][info][gc] GC(22) Garbage Collection (Allocation Rate) 8M(33%)->8M(33%)
[28.300s][info][gc] GC(23) Garbage Collection (Allocation Rate) 8M(33%)->8M(33%)
[28.381s][info][gc] GC(24) Garbage Collection (Allocation Rate) 10M(42%)->10M(42%)
[50.875s][info][gc] GC(25) Garbage Collection (Proactive) 14M(58%)->8M(33%)
[54.081s][info][gc] GC(26) Garbage Collection (Proactive) 12M(50%)->10M(42%)
[65.475s][info][gc] GC(27) Garbage Collection (Proactive) 14M(58%)->10M(42%)
[78.489s][info][gc] GC(28) Garbage Collection (Proactive) 14M(58%)->10M(42%)
[89.478s][info][gc] GC(29) Garbage Collection (Proactive) 14M(58%)->10M(42%)
[102.474s][info][gc] GC(30) Garbage Collection (Proactive) 14M(58%)->10M(42%)
[115.476s][info][gc] GC(31) Garbage Collection (Proactive) 14M(58%)->10M(42%)
[130.476s][info][gc] GC(32) Garbage Collection (Proactive) 14M(58%)->10M(42%)
[141.474s][info][gc] GC(33) Garbage Collection (Proactive) 14M(58%)->10M(42%)
[155.476s][info][gc] GC(34) Garbage Collection (Proactive) 14M(58%)->8M(33%)
[168.478s][info][gc] GC(35) Garbage Collection (Proactive) 12M(50%)->8M(33%)
[183.580s][info][gc] GC(36) Garbage Collection (Proactive) 12M(50%)->8M(33%)
[194.083s][info][gc] GC(37) Garbage Collection (Proactive) 12M(50%)->8M(33%)
[197.075s][info][gc] GC(38) Garbage Collection (Proactive) 12M(50%)->10M(42%)
[209.576s][info][gc] GC(39) Garbage Collection (Proactive) 14M(58%)->8M(33%)
[222.580s][info][gc] GC(40) Garbage Collection (Proactive) 12M(50%)->8M(33%)
