[0.003s][info][gc] Using Serial
[8.580s][info][gc] GC(0) Pause Young (Allocation Failure) 4M->2M(15M) 4.259ms
[8.783s][info][gc] GC(1) Pause Young (Allocation Failure) 6M->3M(15M) 4.640ms
[38.847s][info][gc] GC(2) Pause Young (Allocation Failure) 7M->3M(15M) 2.279ms
[61.457s][info][gc] GC(3) Pause Young (Allocation Failure) 7M->4M(15M) 1.942ms
[61.482s][info][gc] GC(4) Pause Young (Allocation Failure) 8M->6M(15M) 5.195ms
[61.498s][info][gc] GC(5) Pause Young (Allocation Failure) 11M->9M(15M) 3.590ms
[61.507s][info][gc] GC(6) Pause Young (Allocation Failure) 13M->13M(15M) 0.022ms
[61.524s][info][gc] GC(7) Pause Full (Allocation Failure) 13M->7M(15M) 17.371ms
[61.539s][info][gc] GC(8) Pause Young (Allocation Failure) 12M->10M(15M) 5.092ms
[61.552s][info][gc] GC(9) Pause Young (Allocation Failure) 14M->14M(15M) 0.031ms
[61.567s][info][gc] GC(10) Pause Full (Allocation Failure) 14M->7M(15M) 14.820ms
[61.577s][info][gc] GC(11) Pause Young (Allocation Failure) 11M->9M(15M) 3.162ms
[61.584s][info][gc] GC(12) Pause Young (Allocation Failure) 14M->14M(15M) 0.021ms
[61.600s][info][gc] GC(13) Pause Full (Allocation Failure) 14M->7M(15M) 15.886ms
[61.613s][info][gc] GC(14) Pause Young (Allocation Failure) 11M->10M(15M) 3.446ms
[61.621s][info][gc] GC(15) Pause Young (Allocation Failure) 14M->14M(15M) 0.020ms
[61.635s][info][gc] GC(16) Pause Full (Allocation Failure) 14M->8M(15M) 13.582ms
[61.641s][info][gc] GC(17) Pause Young (Allocation Failure) 12M->12M(15M) 0.036ms
[61.652s][info][gc] GC(18) Pause Full (Allocation Failure) 12M->6M(15M) 11.054ms
[61.663s][info][gc] GC(19) Pause Young (Allocation Failure) 10M->8M(15M) 3.057ms
[61.670s][info][gc] GC(20) Pause Young (Allocation Failure) 13M->13M(15M) 0.016ms
[61.681s][info][gc] GC(21) Pause Full (Allocation Failure) 13M->7M(15M) 11.457ms
[61.691s][info][gc] GC(22) Pause Young (Allocation Failure) 11M->10M(15M) 3.175ms
[61.698s][info][gc] GC(23) Pause Young (Allocation Failure) 14M->14M(15M) 0.017ms
[61.710s][info][gc] GC(24) Pause Full (Allocation Failure) 14M->7M(15M) 12.099ms
[61.720s][info][gc] GC(25) Pause Young (Allocation Failure) 11M->10M(15M) 3.284ms
[61.727s][info][gc] GC(26) Pause Young (Allocation Failure) 14M->14M(15M) 0.018ms
[61.738s][info][gc] GC(27) Pause Full (Allocation Failure) 14M->6M(15M) 11.467ms
[61.748s][info][gc] GC(28) Pause Young (Allocation Failure) 11M->9M(15M) 3.384ms
[61.751s][info][gc] GC(29) Pause Young (Allocation Failure) 13M->13M(15M) 0.031ms
[61.764s][info][gc] GC(30) Pause Full (Allocation Failure) 13M->7M(15M) 12.540ms
[61.768s][info][gc] GC(31) Pause Young (Allocation Failure) 11M->11M(15M) 0.020ms
[61.781s][info][gc] GC(32) Pause Full (Allocation Failure) 11M->10M(15M) 13.425ms
[61.785s][info][gc] GC(33) Pause Young (Allocation Failure) 14M->14M(15M) 0.020ms
[61.799s][info][gc] GC(34) Pause Full (Allocation Failure) 14M->9M(15M) 13.331ms
[61.803s][info][gc] GC(35) Pause Young (Allocation Failure) 14M->14M(15M) 0.019ms
[61.816s][info][gc] GC(36) Pause Full (Allocation Failure) 14M->8M(15M) 13.579ms
[61.820s][info][gc] GC(37) Pause Young (Allocation Failure) 13M->13M(15M) 0.020ms
[61.832s][info][gc] GC(38) Pause Full (Allocation Failure) 13M->8M(15M) 11.775ms
[61.836s][info][gc] GC(39) Pause Young (Allocation Failure) 12M->12M(15M) 0.032ms
[61.847s][info][gc] GC(40) Pause Full (Allocation Failure) 12M->7M(15M) 11.083ms
[61.860s][info][gc] GC(41) Pause Young (Allocation Failure) 12M->10M(15M) 3.449ms
[61.871s][info][gc] GC(42) Pause Young (Allocation Failure) 14M->14M(15M) 0.025ms
[61.885s][info][gc] GC(43) Pause Full (Allocation Failure) 14M->7M(15M) 14.363ms
[61.893s][info][gc] GC(44) Pause Young (Allocation Failure) 11M->10M(15M) 3.257ms
[61.896s][info][gc] GC(45) Pause Young (Allocation Failure) 14M->14M(15M) 0.017ms
[61.911s][info][gc] GC(46) Pause Full (Allocation Failure) 14M->7M(15M) 14.344ms
[61.919s][info][gc] GC(47) Pause Young (Allocation Failure) 11M->9M(15M) 3.282ms
[61.922s][info][gc] GC(48) Pause Young (Allocation Failure) 14M->14M(15M) 0.017ms
[61.935s][info][gc] GC(49) Pause Full (Allocation Failure) 14M->7M(15M) 12.764ms
[61.939s][info][gc] GC(50) Pause Young (Allocation Failure) 12M->12M(15M) 0.019ms
[61.950s][info][gc] GC(51) Pause Full (Allocation Failure) 12M->6M(15M) 10.808ms
[61.957s][info][gc] GC(52) Pause Young (Allocation Failure) 10M->9M(15M) 2.953ms
[61.961s][info][gc] GC(53) Pause Young (Allocation Failure) 13M->13M(15M) 0.016ms
[61.973s][info][gc] GC(54) Pause Full (Allocation Failure) 13M->7M(15M) 12.614ms
[61.978s][info][gc] GC(55) Pause Young (Allocation Failure) 12M->12M(15M) 0.021ms
[61.989s][info][gc] GC(56) Pause Full (Allocation Failure) 12M->6M(15M) 10.790ms
[61.996s][info][gc] GC(57) Pause Young (Allocation Failure) 10M->8M(15M) 2.936ms
[62.000s][info][gc] GC(58) Pause Young (Allocation Failure) 13M->13M(15M) 0.017ms
[62.012s][info][gc] GC(59) Pause Full (Allocation Failure) 13M->7M(15M) 12.789ms
[62.017s][info][gc] GC(60) Pause Young (Allocation Failure) 11M->11M(15M) 0.018ms
[62.027s][info][gc] GC(61) Pause Full (Allocation Failure) 11M->6M(15M) 10.192ms
[62.034s][info][gc] GC(62) Pause Young (Allocation Failure) 10M->9M(15M) 2.683ms
[62.038s][info][gc] GC(63) Pause Young (Allocation Failure) 13M->13M(15M) 0.016ms
[62.049s][info][gc] GC(64) Pause Full (Allocation Failure) 13M->7M(15M) 11.875ms
[62.054s][info][gc] GC(65) Pause Young (Allocation Failure) 11M->11M(15M) 0.017ms
[62.066s][info][gc] GC(66) Pause Full (Allocation Failure) 11M->6M(15M) 12.348ms
[62.073s][info][gc] GC(67) Pause Young (Allocation Failure) 10M->8M(15M) 2.843ms
[62.077s][info][gc] GC(68) Pause Young (Allocation Failure) 13M->13M(15M) 0.018ms
[62.089s][info][gc] GC(69) Pause Full (Allocation Failure) 13M->7M(15M) 11.730ms
[62.093s][info][gc] GC(70) Pause Young (Allocation Failure) 12M->12M(15M) 0.018ms
[62.103s][info][gc] GC(71) Pause Full (Allocation Failure) 12M->6M(15M) 10.294ms
[62.110s][info][gc] GC(72) Pause Young (Allocation Failure) 10M->9M(15M) 2.802ms
[62.114s][info][gc] GC(73) Pause Young (Allocation Failure) 13M->13M(15M) 0.016ms
[62.126s][info][gc] GC(74) Pause Full (Allocation Failure) 13M->7M(15M) 12.095ms
[62.130s][info][gc] GC(75) Pause Young (Allocation Failure) 11M->11M(15M) 0.018ms
[62.141s][info][gc] GC(76) Pause Full (Allocation Failure) 11M->6M(15M) 10.500ms
[62.147s][info][gc] GC(77) Pause Young (Allocation Failure) 10M->8M(15M) 2.796ms
[62.151s][info][gc] GC(78) Pause Young (Allocation Failure) 12M->12M(15M) 0.040ms
[62.162s][info][gc] GC(79) Pause Full (Allocation Failure) 12M->7M(15M) 11.306ms
[62.167s][info][gc] GC(80) Pause Young (Allocation Failure) 11M->11M(15M) 0.018ms
[62.177s][info][gc] GC(81) Pause Full (Allocation Failure) 11M->6M(15M) 10.290ms
[62.184s][info][gc] GC(82) Pause Young (Allocation Failure) 10M->9M(15M) 2.934ms
[62.189s][info][gc] GC(83) Pause Young (Allocation Failure) 13M->13M(15M) 0.018ms
[62.201s][info][gc] GC(84) Pause Full (Allocation Failure) 13M->7M(15M) 12.284ms
[62.205s][info][gc] GC(85) Pause Young (Allocation Failure) 12M->12M(15M) 0.022ms
[62.217s][info][gc] GC(86) Pause Full (Allocation Failure) 12M->6M(15M) 11.609ms
[62.224s][info][gc] GC(87) Pause Young (Allocation Failure) 10M->8M(15M) 3.064ms
[62.228s][info][gc] GC(88) Pause Young (Allocation Failure) 13M->13M(15M) 0.018ms
[62.241s][info][gc] GC(89) Pause Full (Allocation Failure) 13M->7M(15M) 12.691ms
[62.251s][info][gc] GC(90) Pause Young (Allocation Failure) 11M->11M(15M) 0.021ms
[62.264s][info][gc] GC(91) Pause Full (Allocation Failure) 11M->6M(15M) 12.537ms
[62.271s][info][gc] GC(92) Pause Young (Allocation Failure) 10M->9M(15M) 2.987ms
[62.274s][info][gc] GC(93) Pause Young (Allocation Failure) 13M->13M(15M) 0.019ms
[62.287s][info][gc] GC(94) Pause Full (Allocation Failure) 13M->7M(15M) 12.588ms
[62.291s][info][gc] GC(95) Pause Young (Allocation Failure) 12M->12M(15M) 0.019ms
[62.306s][info][gc] GC(96) Pause Full (Allocation Failure) 12M->9M(15M) 15.133ms
[62.310s][info][gc] GC(97) Pause Young (Allocation Failure) 14M->14M(15M) 0.020ms
[62.323s][info][gc] GC(98) Pause Full (Allocation Failure) 14M->8M(15M) 12.787ms
[62.327s][info][gc] GC(99) Pause Young (Allocation Failure) 13M->13M(15M) 0.020ms
[62.339s][info][gc] GC(100) Pause Full (Allocation Failure) 13M->7M(15M) 11.868ms
[62.343s][info][gc] GC(101) Pause Young (Allocation Failure) 12M->12M(15M) 0.020ms
[62.354s][info][gc] GC(102) Pause Full (Allocation Failure) 12M->7M(15M) 11.103ms
[62.358s][info][gc] GC(103) Pause Young (Allocation Failure) 11M->11M(15M) 0.019ms
[62.368s][info][gc] GC(104) Pause Full (Allocation Failure) 11M->6M(15M) 10.474ms
[62.376s][info][gc] GC(105) Pause Young (Allocation Failure) 10M->8M(15M) 4.316ms
[62.380s][info][gc] GC(106) Pause Young (Allocation Failure) 13M->13M(15M) 0.018ms
[62.393s][info][gc] GC(107) Pause Full (Allocation Failure) 13M->7M(15M) 12.534ms
[62.396s][info][gc] GC(108) Pause Young (Allocation Failure) 12M->12M(15M) 0.020ms
[62.410s][info][gc] GC(109) Pause Full (Allocation Failure) 12M->10M(15M) 14.122ms
[97.875s][info][gc] GC(110) Pause Young (Allocation Failure) 14M->14M(15M) 0.029ms
[97.890s][info][gc] GC(111) Pause Full (Allocation Failure) 14M->4M(15M) 14.849ms
[139.913s][info][gc] GC(112) Pause Young (Allocation Failure) 8M->4M(15M) 0.399ms
[163.973s][info][gc] GC(113) Pause Young (Allocation Failure) 8M->5M(15M) 1.661ms
[163.981s][info][gc] GC(114) Pause Young (Allocation Failure) 9M->7M(15M) 3.665ms
[163.985s][info][gc] GC(115) Pause Young (Allocation Failure) 12M->12M(15M) 0.211ms
[164.009s][info][gc] GC(116) Pause Full (Allocation Failure) 12M->6M(15M) 23.945ms
[164.017s][info][gc] GC(117) Pause Young (Allocation Failure) 11M->11M(15M) 0.021ms
[164.028s][info][gc] GC(118) Pause Full (Allocation Failure) 11M->6M(15M) 11.600ms
[164.035s][info][gc] GC(119) Pause Young (Allocation Failure) 10M->8M(15M) 3.051ms
[164.039s][info][gc] GC(120) Pause Young (Allocation Failure) 13M->13M(15M) 0.021ms
[164.053s][info][gc] GC(121) Pause Full (Allocation Failure) 13M->7M(15M) 13.575ms
[164.057s][info][gc] GC(122) Pause Young (Allocation Failure) 11M->11M(15M) 0.023ms
[164.068s][info][gc] GC(123) Pause Full (Allocation Failure) 11M->6M(15M) 11.467ms
[164.075s][info][gc] GC(124) Pause Young (Allocation Failure) 10M->8M(15M) 2.964ms
[164.079s][info][gc] GC(125) Pause Young (Allocation Failure) 13M->13M(15M) 0.018ms
[164.092s][info][gc] GC(126) Pause Full (Allocation Failure) 13M->7M(15M) 12.937ms
[164.095s][info][gc] GC(127) Pause Young (Allocation Failure) 11M->11M(15M) 0.017ms
[164.105s][info][gc] GC(128) Pause Full (Allocation Failure) 11M->6M(15M) 9.934ms
[164.112s][info][gc] GC(129) Pause Young (Allocation Failure) 10M->8M(15M) 2.845ms
[164.115s][info][gc] GC(130) Pause Young (Allocation Failure) 13M->13M(15M) 0.016ms
[164.128s][info][gc] GC(131) Pause Full (Allocation Failure) 13M->7M(15M) 12.376ms
[164.132s][info][gc] GC(132) Pause Young (Allocation Failure) 11M->11M(15M) 0.027ms
[164.143s][info][gc] GC(133) Pause Full (Allocation Failure) 11M->7M(15M) 10.947ms
[164.147s][info][gc] GC(134) Pause Young (Allocation Failure) 11M->11M(15M) 0.017ms
[164.157s][info][gc] GC(135) Pause Full (Allocation Failure) 11M->5M(15M) 10.240ms
[164.164s][info][gc] GC(136) Pause Young (Allocation Failure) 10M->8M(15M) 2.819ms
[164.168s][info][gc] GC(137) Pause Young (Allocation Failure) 12M->12M(15M) 0.016ms
[164.179s][info][gc] GC(138) Pause Full (Allocation Failure) 12M->7M(15M) 11.861ms
[164.183s][info][gc] GC(139) Pause Young (Allocation Failure) 11M->11M(15M) 0.018ms
[164.198s][info][gc] GC(140) Pause Full (Allocation Failure) 11M->7M(15M) 14.233ms
[164.203s][info][gc] GC(141) Pause Young (Allocation Failure) 12M->12M(15M) 0.022ms
[164.215s][info][gc] GC(142) Pause Full (Allocation Failure) 12M->6M(15M) 11.678ms
[164.222s][info][gc] GC(143) Pause Young (Allocation Failure) 10M->8M(15M) 2.976ms
[164.226s][info][gc] GC(144) Pause Young (Allocation Failure) 13M->13M(15M) 0.017ms
[164.239s][info][gc] GC(145) Pause Full (Allocation Failure) 13M->6M(15M) 13.021ms
[164.243s][info][gc] GC(146) Pause Young (Allocation Failure) 11M->11M(15M) 0.020ms
[164.258s][info][gc] GC(147) Pause Full (Allocation Failure) 11M->6M(15M) 14.637ms
[164.262s][info][gc] GC(148) Pause Young (Allocation Failure) 10M->10M(15M) 0.018ms
[164.273s][info][gc] GC(149) Pause Full (Allocation Failure) 10M->6M(15M) 11.403ms
[164.280s][info][gc] GC(150) Pause Young (Allocation Failure) 10M->9M(15M) 2.957ms
[164.284s][info][gc] GC(151) Pause Young (Allocation Failure) 13M->13M(15M) 0.018ms
[164.296s][info][gc] GC(152) Pause Full (Allocation Failure) 13M->7M(15M) 12.611ms
[164.300s][info][gc] GC(153) Pause Young (Allocation Failure) 11M->11M(15M) 0.017ms
[164.313s][info][gc] GC(154) Pause Full (Allocation Failure) 11M->8M(15M) 12.834ms
[164.319s][info][gc] GC(155) Pause Young (Allocation Failure) 12M->12M(15M) 0.017ms
[164.331s][info][gc] GC(156) Pause Full (Allocation Failure) 12M->6M(15M) 11.875ms
[164.335s][info][gc] GC(157) Pause Young (Allocation Failure) 11M->11M(15M) 0.018ms
[164.346s][info][gc] GC(158) Pause Full (Allocation Failure) 11M->6M(15M) 10.431ms
[164.353s][info][gc] GC(159) Pause Young (Allocation Failure) 10M->9M(15M) 3.061ms
[164.357s][info][gc] GC(160) Pause Young (Allocation Failure) 13M->13M(15M) 0.017ms
[164.369s][info][gc] GC(161) Pause Full (Allocation Failure) 13M->7M(15M) 12.577ms
[164.373s][info][gc] GC(162) Pause Young (Allocation Failure) 11M->11M(15M) 0.020ms
[164.384s][info][gc] GC(163) Pause Full (Allocation Failure) 11M->5M(15M) 10.679ms
[164.391s][info][gc] GC(164) Pause Young (Allocation Failure) 10M->8M(15M) 2.955ms
[164.394s][info][gc] GC(165) Pause Young (Allocation Failure) 12M->12M(15M) 0.016ms
[164.407s][info][gc] GC(166) Pause Full (Allocation Failure) 12M->7M(15M) 12.749ms
[164.411s][info][gc] GC(167) Pause Young (Allocation Failure) 11M->11M(15M) 0.020ms
[164.423s][info][gc] GC(168) Pause Full (Allocation Failure) 11M->9M(15M) 12.551ms
[164.428s][info][gc] GC(169) Pause Young (Allocation Failure) 13M->13M(15M) 0.021ms
[164.441s][info][gc] GC(170) Pause Full (Allocation Failure) 13M->7M(15M) 13.198ms
[164.445s][info][gc] GC(171) Pause Young (Allocation Failure) 11M->11M(15M) 0.018ms
[164.455s][info][gc] GC(172) Pause Full (Allocation Failure) 11M->5M(15M) 9.903ms
[164.461s][info][gc] GC(173) Pause Young (Allocation Failure) 10M->8M(15M) 2.797ms
[164.465s][info][gc] GC(174) Pause Young (Allocation Failure) 12M->12M(15M) 0.015ms
[164.477s][info][gc] GC(175) Pause Full (Allocation Failure) 12M->7M(15M) 11.605ms
[164.481s][info][gc] GC(176) Pause Young (Allocation Failure) 11M->11M(15M) 0.018ms
[164.493s][info][gc] GC(177) Pause Full (Allocation Failure) 11M->9M(15M) 11.864ms
[164.497s][info][gc] GC(178) Pause Young (Allocation Failure) 13M->13M(15M) 0.039ms
[164.508s][info][gc] GC(179) Pause Full (Allocation Failure) 13M->7M(15M) 10.931ms
[164.512s][info][gc] GC(180) Pause Young (Allocation Failure) 11M->11M(15M) 0.017ms
[164.523s][info][gc] GC(181) Pause Full (Allocation Failure) 11M->5M(15M) 10.074ms
[164.529s][info][gc] GC(182) Pause Young (Allocation Failure) 10M->8M(15M) 2.749ms
[164.533s][info][gc] GC(183) Pause Young (Allocation Failure) 12M->12M(15M) 0.015ms
[164.545s][info][gc] GC(184) Pause Full (Allocation Failure) 12M->7M(15M) 11.828ms
[164.549s][info][gc] GC(185) Pause Young (Allocation Failure) 12M->12M(15M) 0.018ms
[164.561s][info][gc] GC(186) Pause Full (Allocation Failure) 12M->8M(15M) 12.001ms
[164.566s][info][gc] GC(187) Pause Young (Allocation Failure) 13M->13M(15M) 0.018ms
[164.576s][info][gc] GC(188) Pause Full (Allocation Failure) 13M->7M(15M) 10.848ms
[164.580s][info][gc] GC(189) Pause Young (Allocation Failure) 11M->11M(15M) 0.033ms
[164.591s][info][gc] GC(190) Pause Full (Allocation Failure) 11M->5M(15M) 10.650ms
[164.598s][info][gc] GC(191) Pause Young (Allocation Failure) 10M->8M(15M) 2.785ms
[164.601s][info][gc] GC(192) Pause Young (Allocation Failure) 12M->12M(15M) 0.015ms
[164.613s][info][gc] GC(193) Pause Full (Allocation Failure) 12M->7M(15M) 11.563ms
[164.617s][info][gc] GC(194) Pause Young (Allocation Failure) 11M->11M(15M) 0.045ms
[164.630s][info][gc] GC(195) Pause Full (Allocation Failure) 11M->8M(15M) 12.126ms
[164.634s][info][gc] GC(196) Pause Young (Allocation Failure) 13M->13M(15M) 0.018ms
[164.645s][info][gc] GC(197) Pause Full (Allocation Failure) 13M->7M(15M) 10.862ms
[164.649s][info][gc] GC(198) Pause Young (Allocation Failure) 11M->11M(15M) 0.018ms
[164.659s][info][gc] GC(199) Pause Full (Allocation Failure) 11M->5M(15M) 10.139ms
[164.666s][info][gc] GC(200) Pause Young (Allocation Failure) 10M->8M(15M) 3.213ms
[164.670s][info][gc] GC(201) Pause Young (Allocation Failure) 12M->12M(15M) 0.016ms
[164.682s][info][gc] GC(202) Pause Full (Allocation Failure) 12M->7M(15M) 12.409ms
[164.686s][info][gc] GC(203) Pause Young (Allocation Failure) 11M->11M(15M) 0.018ms
[164.698s][info][gc] GC(204) Pause Full (Allocation Failure) 11M->8M(15M) 12.328ms
[164.703s][info][gc] GC(205) Pause Young (Allocation Failure) 12M->12M(15M) 0.040ms
[164.714s][info][gc] GC(206) Pause Full (Allocation Failure) 12M->7M(15M) 10.949ms
[164.718s][info][gc] GC(207) Pause Young (Allocation Failure) 11M->11M(15M) 0.018ms
[164.734s][info][gc] GC(208) Pause Full (Allocation Failure) 11M->6M(15M) 15.764ms
[164.741s][info][gc] GC(209) Pause Young (Allocation Failure) 10M->8M(15M) 3.099ms
[164.745s][info][gc] GC(210) Pause Young (Allocation Failure) 12M->12M(15M) 0.016ms
[164.756s][info][gc] GC(211) Pause Full (Allocation Failure) 12M->7M(15M) 11.605ms
[164.760s][info][gc] GC(212) Pause Young (Allocation Failure) 11M->11M(15M) 0.020ms
[164.771s][info][gc] GC(213) Pause Full (Allocation Failure) 11M->6M(15M) 10.926ms
[164.775s][info][gc] GC(214) Pause Young (Allocation Failure) 10M->10M(15M) 0.020ms
[164.786s][info][gc] GC(215) Pause Full (Allocation Failure) 10M->6M(15M) 10.398ms
[164.790s][info][gc] GC(216) Pause Young (Allocation Failure) 10M->10M(15M) 0.020ms
[164.800s][info][gc] GC(217) Pause Full (Allocation Failure) 10M->5M(15M) 10.413ms
[164.807s][info][gc] GC(218) Pause Young (Allocation Failure) 10M->8M(15M) 2.987ms
[164.811s][info][gc] GC(219) Pause Young (Allocation Failure) 12M->12M(15M) 0.017ms
[164.823s][info][gc] GC(220) Pause Full (Allocation Failure) 12M->7M(15M) 12.266ms
[164.827s][info][gc] GC(221) Pause Young (Allocation Failure) 11M->11M(15M) 0.020ms
[164.838s][info][gc] GC(222) Pause Full (Allocation Failure) 11M->6M(15M) 10.852ms
[164.842s][info][gc] GC(223) Pause Young (Allocation Failure) 10M->10M(15M) 0.019ms
[164.853s][info][gc] GC(224) Pause Full (Allocation Failure) 10M->6M(15M) 10.513ms
[164.857s][info][gc] GC(225) Pause Young (Allocation Failure) 10M->10M(15M) 0.020ms
[164.867s][info][gc] GC(226) Pause Full (Allocation Failure) 10M->5M(15M) 10.405ms
[200.950s][info][gc] GC(227) Pause Young (Allocation Failure) 10M->6M(15M) 5.058ms
[208.032s][info][gc] GC(228) Pause Young (Allocation Failure) 10M->6M(15M) 0.511ms
[208.040s][info][gc] GC(229) Pause Young (Allocation Failure) 10M->6M(15M) 0.366ms
[208.062s][info][gc] GC(230) Pause Young (Allocation Failure) 10M->6M(15M) 0.423ms
[208.095s][info][gc] GC(231) Pause Young (Allocation Failure) 10M->6M(15M) 0.517ms
[208.104s][info][gc] GC(232) Pause Young (Allocation Failure) 10M->6M(15M) 0.892ms
[208.110s][info][gc] GC(233) Pause Young (Allocation Failure) 10M->6M(15M) 0.420ms
[208.125s][info][gc] GC(234) Pause Young (Allocation Failure) 10M->6M(15M) 0.428ms
[208.135s][info][gc] GC(235) Pause Young (Allocation Failure) 10M->6M(15M) 0.496ms
[208.143s][info][gc] GC(236) Pause Young (Allocation Failure) 10M->6M(15M) 0.624ms
[208.153s][info][gc] GC(237) Pause Young (Allocation Failure) 10M->6M(15M) 0.462ms
[208.167s][info][gc] GC(238) Pause Young (Allocation Failure) 10M->6M(15M) 0.731ms
[208.179s][info][gc] GC(239) Pause Young (Allocation Failure) 10M->6M(15M) 0.497ms
[208.196s][info][gc] GC(240) Pause Young (Allocation Failure) 10M->6M(15M) 0.400ms
[208.201s][info][gc] GC(241) Pause Young (Allocation Failure) 10M->6M(15M) 0.382ms
[208.221s][info][gc] GC(242) Pause Young (Allocation Failure) 10M->6M(15M) 0.569ms
[208.227s][info][gc] GC(243) Pause Young (Allocation Failure) 10M->6M(15M) 0.308ms
[208.232s][info][gc] GC(244) Pause Young (Allocation Failure) 10M->6M(15M) 0.230ms
[208.237s][info][gc] GC(245) Pause Young (Allocation Failure) 10M->6M(15M) 0.255ms
[208.241s][info][gc] GC(246) Pause Young (Allocation Failure) 10M->6M(15M) 0.288ms
[208.246s][info][gc] GC(247) Pause Young (Allocation Failure) 10M->6M(15M) 0.268ms
[208.250s][info][gc] GC(248) Pause Young (Allocation Failure) 10M->6M(15M) 0.244ms
[208.264s][info][gc] GC(249) Pause Young (Allocation Failure) 10M->6M(15M) 0.245ms
[208.268s][info][gc] GC(250) Pause Young (Allocation Failure) 10M->6M(15M) 0.256ms
[208.273s][info][gc] GC(251) Pause Young (Allocation Failure) 10M->6M(15M) 0.217ms
[208.279s][info][gc] GC(252) Pause Young (Allocation Failure) 10M->6M(15M) 0.230ms
[208.284s][info][gc] GC(253) Pause Young (Allocation Failure) 10M->6M(15M) 0.248ms
[208.289s][info][gc] GC(254) Pause Young (Allocation Failure) 10M->6M(15M) 0.216ms
[208.293s][info][gc] GC(255) Pause Young (Allocation Failure) 10M->6M(15M) 0.208ms
[208.297s][info][gc] GC(256) Pause Young (Allocation Failure) 10M->6M(15M) 0.214ms
[208.301s][info][gc] GC(257) Pause Young (Allocation Failure) 10M->6M(15M) 0.206ms
[208.306s][info][gc] GC(258) Pause Young (Allocation Failure) 10M->6M(15M) 0.213ms
[208.310s][info][gc] GC(259) Pause Young (Allocation Failure) 10M->6M(15M) 0.226ms
[208.314s][info][gc] GC(260) Pause Young (Allocation Failure) 10M->6M(15M) 0.248ms
[208.318s][info][gc] GC(261) Pause Young (Allocation Failure) 10M->6M(15M) 0.220ms
[208.323s][info][gc] GC(262) Pause Young (Allocation Failure) 10M->6M(15M) 0.209ms
[208.327s][info][gc] GC(263) Pause Young (Allocation Failure) 10M->6M(15M) 0.254ms
[208.331s][info][gc] GC(264) Pause Young (Allocation Failure) 10M->6M(15M) 0.205ms
[208.335s][info][gc] GC(265) Pause Young (Allocation Failure) 10M->5M(15M) 0.254ms
[208.339s][info][gc] GC(266) Pause Young (Allocation Failure) 10M->6M(15M) 0.214ms
[208.344s][info][gc] GC(267) Pause Young (Allocation Failure) 10M->6M(15M) 0.212ms
[208.348s][info][gc] GC(268) Pause Young (Allocation Failure) 10M->6M(15M) 0.221ms
[208.364s][info][gc] GC(269) Pause Young (Allocation Failure) 10M->6M(15M) 0.224ms
[208.368s][info][gc] GC(270) Pause Young (Allocation Failure) 10M->6M(15M) 0.218ms
[208.372s][info][gc] GC(271) Pause Young (Allocation Failure) 10M->6M(15M) 0.235ms
[208.377s][info][gc] GC(272) Pause Young (Allocation Failure) 10M->6M(15M) 0.203ms
[208.381s][info][gc] GC(273) Pause Young (Allocation Failure) 10M->6M(15M) 0.224ms
[208.386s][info][gc] GC(274) Pause Young (Allocation Failure) 10M->6M(15M) 0.246ms
[208.390s][info][gc] GC(275) Pause Young (Allocation Failure) 10M->6M(15M) 0.230ms
[208.395s][info][gc] GC(276) Pause Young (Allocation Failure) 10M->6M(15M) 0.215ms
[208.399s][info][gc] GC(277) Pause Young (Allocation Failure) 10M->6M(15M) 0.239ms
[208.403s][info][gc] GC(278) Pause Young (Allocation Failure) 10M->6M(15M) 0.213ms
[208.409s][info][gc] GC(279) Pause Young (Allocation Failure) 10M->6M(15M) 0.239ms
[208.413s][info][gc] GC(280) Pause Young (Allocation Failure) 10M->6M(15M) 0.211ms
[246.980s][info][gc] GC(281) Pause Young (Allocation Failure) 10M->6M(15M) 0.980ms
[285.007s][info][gc] GC(282) Pause Young (Allocation Failure) 10M->6M(15M) 1.798ms
